// Jest Snapshot v1, https://goo.gl/fbAQLP

exports[`render resume 1`] = `
Object {
  "asFragment": [Function],
  "baseElement": <body>
    <div>
      <div
        class="resume"
      >
        <div
          class="basics__name-section"
        >
          <h1>
            Johnny Python
          </h1>
          <h2 />
        </div>
        <div
          class="basics__contact-section"
        >
          <div>
            <span
              class="basics__contact-field-label"
            >
              Mail:
            </span>
            <span />
          </div>
          <div>
            <span
              class="basics__contact-field-label"
            >
              Phone:
            </span>
            <span />
          </div>
          <div>
            <span
              class="basics__contact-field-label"
            >
              Website:
            </span>
            <span />
          </div>
        </div>
        <div
          class="basics__contact-section"
        />
        <div
          class="basics__side-section"
        >
          <img
            class="basics-photo"
            src="photo.jpg"
          />
          <h3>
            About me
          </h3>
        </div>
        <div
          class="workplaces"
        >
          <h2>
            Workplaces:
          </h2>
          <div
            class="workplace"
          >
            <h3>
              Company 1
            </h3>
            <h4 />
            <div>
              <div>
                <h5>
                  Summary: 
                </h5>
              </div>
            </div>
          </div>
        </div>
      </div>
    </div>
  </body>,
  "container": <div>
    <div
      class="resume"
    >
      <div
        class="basics__name-section"
      >
        <h1>
          Johnny Python
        </h1>
        <h2 />
      </div>
      <div
        class="basics__contact-section"
      >
        <div>
          <span
            class="basics__contact-field-label"
          >
            Mail:
          </span>
          <span />
        </div>
        <div>
          <span
            class="basics__contact-field-label"
          >
            Phone:
          </span>
          <span />
        </div>
        <div>
          <span
            class="basics__contact-field-label"
          >
            Website:
          </span>
          <span />
        </div>
      </div>
      <div
        class="basics__contact-section"
      />
      <div
        class="basics__side-section"
      >
        <img
          class="basics-photo"
          src="photo.jpg"
        />
        <h3>
          About me
        </h3>
      </div>
      <div
        class="workplaces"
      >
        <h2>
          Workplaces:
        </h2>
        <div
          class="workplace"
        >
          <h3>
            Company 1
          </h3>
          <h4 />
          <div>
            <div>
              <h5>
                Summary: 
              </h5>
            </div>
          </div>
        </div>
      </div>
    </div>
  </div>,
  "debug": [Function],
  "findAllByAltText": [Function],
  "findAllByDisplayValue": [Function],
  "findAllByLabelText": [Function],
  "findAllByPlaceholderText": [Function],
  "findAllByRole": [Function],
  "findAllByTestId": [Function],
  "findAllByText": [Function],
  "findAllByTitle": [Function],
  "findByAltText": [Function],
  "findByDisplayValue": [Function],
  "findByLabelText": [Function],
  "findByPlaceholderText": [Function],
  "findByRole": [Function],
  "findByTestId": [Function],
  "findByText": [Function],
  "findByTitle": [Function],
  "getAllByAltText": [Function],
  "getAllByDisplayValue": [Function],
  "getAllByLabelText": [Function],
  "getAllByPlaceholderText": [Function],
  "getAllByRole": [Function],
  "getAllByTestId": [Function],
  "getAllByText": [Function],
  "getAllByTitle": [Function],
  "getByAltText": [Function],
  "getByDisplayValue": [Function],
  "getByLabelText": [Function],
  "getByPlaceholderText": [Function],
  "getByRole": [Function],
  "getByTestId": [Function],
  "getByText": [Function],
  "getByTitle": [Function],
  "queryAllByAltText": [Function],
  "queryAllByDisplayValue": [Function],
  "queryAllByLabelText": [Function],
  "queryAllByPlaceholderText": [Function],
  "queryAllByRole": [Function],
  "queryAllByTestId": [Function],
  "queryAllByText": [Function],
  "queryAllByTitle": [Function],
  "queryByAltText": [Function],
  "queryByDisplayValue": [Function],
  "queryByLabelText": [Function],
  "queryByPlaceholderText": [Function],
  "queryByRole": [Function],
  "queryByTestId": [Function],
  "queryByText": [Function],
  "queryByTitle": [Function],
  "rerender": [Function],
  "unmount": [Function],
}
`;
